// Jest Snapshot v1, https://goo.gl/fbAQLP

exports[`Menu should render the nav to the DOM 1`] = `
<nav
  className="nav-bar"
>
  <button
    className="nav-button"
    data-category="local"
    onClick={[Function]}
  >
    Local
  </button>
  <button
    className="nav-button"
    data-category="technology"
    onClick={[Function]}
  >
    Technology
  </button>
  <button
    className="nav-button"
    data-category="entertainment"
    onClick={[Function]}
  >
    Entertainment
  </button>
  <button
    className="nav-button"
    data-category="science"
    onClick={[Function]}
  >
    Science
  </button>
  <button
    className="nav-button"
    data-category="health"
    onClick={[Function]}
  >
    Health
  </button>
</nav>
`;
